// Vitest Snapshot v1, https://vitest.dev/guide/snapshot.html

exports[`App > should match snapshot 1`] = `
<div
  id="root2"
  ng-version="21.2.9"
>
  <navbar>
    <h1>
      test navbar
    </h1>
  </navbar>
  <div
    class="max-w-3xl m-auto mt-16"
  >
    <router-outlet />
    <!--container-->
  </div>
</div>
`;
